// Jest Snapshot v1, https://goo.gl/fbAQLP

exports[`create-redirects writes file 1`] = `
"
## Created with gatsby-plugin-cloudflare-pages
/foo  /bar  302
/dogs/*  /animals/:splat  302
/baz  /qux  301"
`;
